C:/Users/User/.st_workbench/projects/A10_brushless/Src/stm32g4xx_hal_msp.c:68:6:HAL_MspInit	16	static
C:/Users/User/.st_workbench/projects/A10_brushless/Src/stm32g4xx_hal_msp.c:98:6:HAL_ADC_MspInit	136	static
C:/Users/User/.st_workbench/projects/A10_brushless/Src/stm32g4xx_hal_msp.c:187:6:HAL_ADC_MspDeInit	8	static
C:/Users/User/.st_workbench/projects/A10_brushless/Src/stm32g4xx_hal_msp.c:261:6:HAL_TIM_Base_MspInit	48	static
C:/Users/User/.st_workbench/projects/A10_brushless/Src/stm32g4xx_hal_msp.c:301:6:HAL_TIM_MspPostInit	48	static
C:/Users/User/.st_workbench/projects/A10_brushless/Src/stm32g4xx_hal_msp.c:353:6:HAL_TIM_Base_MspDeInit	8	static
C:/Users/User/.st_workbench/projects/A10_brushless/Src/stm32g4xx_hal_msp.c:407:6:HAL_UART_MspInit	128	static
C:/Users/User/.st_workbench/projects/A10_brushless/Src/stm32g4xx_hal_msp.c:488:6:HAL_UART_MspDeInit	8	static
